Bloblist at 0 not found (err=-2)
alloc space exhausted ptr 400 limit 0
Bloblist at 0 not found (err=-2)


U-Boot 2026.07 (Jul 06 2026 - 23:50:43 +0000)

DRAM:  2 GiB
Core:  52 devices, 15 uclasses, devicetree: board
Flash: 64 MiB
Loading Environment from nowhere... OK
In:    serial,usbkbd
Out:   serial,vidconsole
Err:   serial,vidconsole
No USB controllers found
Net:   No ethernet found.
[?25h

virtio read: device 0 block # 0, count 131072 ... 131072 blocks read: OK
## Loading kernel (any) from FIT Image at 50000000 ...
   Using 'conf' configuration
   Verifying Hash Integrity ... sha256,rsa3072:cc-os-dev+ OK
   Trying 'kernel' kernel subimage
     Description:  Ubuntu 6.8.0-146-generic arm64
     Created:      2026-07-06  23:50:43 UTC
     Type:         Kernel Image
     Compression:  gzip compressed
     Data Start:   0x500000d8
     Data Size:    18589606 Bytes = 17.7 MiB
     Architecture: AArch64
     OS:           Linux
     Load Address: 0x40400000
     Entry Point:  0x40400000
     Hash algo:    sha256
     Hash value:   6001f54164a5201cd5a80e0a09bb05c43fa6e910a0abfe0f5a4e8d7d781cc737
   Verifying Hash Integrity ... sha256+ OK
## Loading ramdisk (any) from FIT Image at 50000000 ...
   Using 'conf' configuration
   Verifying Hash Integrity ... sha256,rsa3072:cc-os-dev+ OK
   Trying 'ramdisk' ramdisk subimage
     Description:  unavailable
     Created:      2026-07-06  23:50:43 UTC
     Type:         RAMDisk Image
     Compression:  uncompressed
     Data Start:   0x511bc6d0
     Data Size:    1005525 Bytes = 982 KiB
     Architecture: AArch64
     OS:           Linux
     Load Address: unavailable
     Entry Point:  unavailable
     Hash algo:    sha256
     Hash value:   5c5ae1844725699f188d71404ab5ec2b1204b2359daf98332b563b8656525cf8
   Verifying Hash Integrity ... sha256+ OK
## Loading fdt (any) from FIT Image at 50000000 ...
   Using 'conf' configuration
   Verifying Hash Integrity ... sha256,rsa3072:cc-os-dev+ OK
   Trying 'fdt' fdt subimage
     Description:  unavailable
     Created:      2026-07-06  23:50:43 UTC
     Type:         Flat Device Tree
     Compression:  uncompressed
     Data Start:   0x511ba958
     Data Size:    7375 Bytes = 7.2 KiB
     Architecture: AArch64
     Hash algo:    sha256
     Hash value:   d742d34e1d64406b8c7e8091dd9640b5b0a6858f81a1d70548e6f50338e5d0be
   Verifying Hash Integrity ... sha256+ OK
   Booting using the fdt blob at 0x511ba958
Working FDT set to 511ba958
   Uncompressing Kernel Image to 40400000
   Loading Ramdisk to bd56d000, end bd6627d5 ... OK
   Loading Device Tree to 00000000bd568000, end 00000000bd56ccce ... OK
Working FDT set to bd568000

Starting kernel ...

[    0.000000] Booting Linux on physical CPU 0x0000000000 [0x411fd070]
[    0.000000] Linux version 6.8.0-146-generic (buildd@bos03-arm64-107) (aarch64-linux-gnu-gcc-13 (Ubuntu 13.3.0-6ubuntu2~24.04.1) 13.3.0, GNU ld (GNU Binutils for Ubuntu) 2.42) #146-Ubuntu SMP PREEMPT_DYNAMIC Thu Sep  3 16:20:48 UTC 2026 (Ubuntu 6.8.0-146.146-generic 6.8.12)
[    0.000000] KASLR disabled due to lack of seed
[    0.000000] Machine model: linux,dummy-virt
[    0.000000] efi: UEFI not found.
[    0.000000] OF: reserved mem: 0x0000000060000000..0x000000006000ffff (64 KiB) map non-reusable tpm-event-log@60000000
[    0.000000] NUMA: No NUMA configuration found
[    0.000000] NUMA: Faking a node at [mem 0x0000000040000000-0x00000000bfffffff]
[    0.000000] NUMA: NODE_DATA [mem 0xbfbf15c0-0xbfbf6fff]
[    0.000000] Zone ranges:
[    0.000000]   DMA      [mem 0x0000000040000000-0x00000000bfffffff]
[    0.000000]   DMA32    empty
[    0.000000]   Normal   empty
[    0.000000]   Device   empty
[    0.000000] Movable zone start for each node
[    0.000000] Early memory node ranges
[    0.000000]   node   0: [mem 0x0000000040000000-0x00000000bfffffff]
[    0.000000] Initmem setup node 0 [mem 0x0000000040000000-0x00000000bfffffff]
[    0.000000] cma: Reserved 32 MiB at 0x00000000bb400000 on node -1
[    0.000000] psci: probing for conduit method from DT.
[    0.000000] psci: PSCIv1.1 detected in firmware.
[    0.000000] psci: Using standard PSCI v0.2 function IDs
[    0.000000] psci: Trusted OS migration not required
[    0.000000] psci: SMC Calling Convention v1.0
[    0.000000] percpu: Embedded 54 pages/cpu s95528 r8192 d117464 u221184
[    0.000000] Detected PIPT I-cache on CPU0
[    0.000000] CPU features: detected: GIC system register CPU interface
[    0.000000] CPU features: detected: Spectre-v2
[    0.000000] CPU features: detected: Spectre-v3a
[    0.000000] CPU features: detected: Spectre-v4
[    0.000000] CPU features: detected: Spectre-BHB
[    0.000000] CPU features: detected: ARM erratum 834220
[    0.000000] CPU features: detected: ARM erratum 1742098
[    0.000000] CPU features: detected: ARM erratum 832075
[    0.000000] CPU features: detected: ARM errata 1165522, 1319367, or 1530923
[    0.000000] alternatives: applying boot alternatives
[    0.000000] Kernel command line: console=ttyAMA0 rdinit=/init panic=-1
[    0.000000] Dentry cache hash table entries: 262144 (order: 9, 2097152 bytes, linear)
[    0.000000] Inode-cache hash table entries: 131072 (order: 8, 1048576 bytes, linear)
[    0.000000] Fallback order for Node 0: 0 
[    0.000000] Built 1 zonelists, mobility grouping on.  Total pages: 516096
[    0.000000] Policy zone: DMA
[    0.000000] mem auto-init: stack:all(zero), heap alloc:on, heap free:off
[    0.000000] software IO TLB: SWIOTLB bounce buffer size adjusted to 2MB
[    0.000000] software IO TLB: area num 1.
[    0.000000] software IO TLB: mapped [mem 0x00000000bb200000-0x00000000bb400000] (2MB)
[    0.000000] Memory: 1962028K/2097152K available (23552K kernel code, 5212K rwdata, 16460K rodata, 12288K init, 1234K bss, 102356K reserved, 32768K cma-reserved)
[    0.000000] SLUB: HWalign=64, Order=0-3, MinObjects=0, CPUs=1, Nodes=1
[    0.000000] ftrace: allocating 63089 entries in 247 pages
[    0.000000] ftrace: allocated 247 pages with 7 groups
[    0.000000] Dynamic Preempt: voluntary
[    0.000000] rcu: Preemptible hierarchical RCU implementation.
[    0.000000] rcu: 	RCU restricting CPUs from NR_CPUS=512 to nr_cpu_ids=1.
[    0.000000] 	Trampoline variant of Tasks RCU enabled.
[    0.000000] 	Rude variant of Tasks RCU enabled.
[    0.000000] 	Tracing variant of Tasks RCU enabled.
[    0.000000] rcu: RCU calculated value of scheduler-enlistment delay is 100 jiffies.
[    0.000000] rcu: Adjusting geometry for rcu_fanout_leaf=16, nr_cpu_ids=1
[    0.000000] RCU Tasks: Setting shift to 0 and lim to 1 rcu_task_cb_adjust=1 rcu_task_cpu_ids=1.
[    0.000000] RCU Tasks Rude: Setting shift to 0 and lim to 1 rcu_task_cb_adjust=1 rcu_task_cpu_ids=1.
[    0.000000] RCU Tasks Trace: Setting shift to 0 and lim to 1 rcu_task_cb_adjust=1 rcu_task_cpu_ids=1.
[    0.000000] NR_IRQS: 64, nr_irqs: 64, preallocated irqs: 0
[    0.000000] GICv3: 256 SPIs implemented
[    0.000000] GICv3: 0 Extended SPIs implemented
[    0.000000] Root IRQ handler: gic_handle_irq
[    0.000000] GICv3: GICv3 features: 16 PPIs
[    0.000000] GICv3: CPU0: found redistributor 0 region 0:0x00000000080a0000
[    0.000000] ITS [mem 0x08080000-0x0809ffff]
[    0.000000] ITS@0x0000000008080000: allocated 8192 Devices @44240000 (indirect, esz 8, psz 64K, shr 1)
[    0.000000] ITS@0x0000000008080000: allocated 8192 Interrupt Collections @44250000 (flat, esz 8, psz 64K, shr 1)
[    0.000000] GICv3: using LPI property table @0x0000000044260000
[    0.000000] GICv3: CPU0: using allocated LPI pending table @0x0000000044270000
[    0.000000] rcu: srcu_init: Setting srcu_struct sizes based on contention.
[    0.000000] arch_timer: cp15 timer(s) running at 62.50MHz (virt).
[    0.000000] clocksource: arch_sys_counter: mask: 0x1ffffffffffffff max_cycles: 0x1cd42e208c, max_idle_ns: 881590405314 ns
[    0.000209] sched_clock: 57 bits at 63MHz, resolution 16ns, wraps every 4398046511096ns
[    0.014296] Console: colour dummy device 80x25
[    0.022634] Calibrating delay loop (skipped), value calculated using timer frequency.. 125.00 BogoMIPS (lpj=62500)
[    0.022996] pid_max: default: 32768 minimum: 301
[    0.031999] LSM: initializing lsm=lockdown,capability,landlock,yama,apparmor,integrity
[    0.033019] landlock: Up and running.
[    0.033067] Yama: becoming mindful.
[    0.037777] AppArmor: AppArmor initialized
[    0.056420] Mount-cache hash table entries: 4096 (order: 3, 32768 bytes, linear)
[    0.056571] Mountpoint-cache hash table entries: 4096 (order: 3, 32768 bytes, linear)
[    0.130570] cacheinfo: Unable to detect cache hierarchy for CPU 0
[    0.167260] rcu: Hierarchical SRCU implementation.
[    0.167358] rcu: 	Max phase no-delay instances is 400.
[    0.183899] Platform MSI: its@8080000 domain created
[    0.184755] PCI/MSI: /intc@8000000/its@8080000 domain created
[    0.185512] fsl-mc MSI: its@8080000 domain created
[    0.187793] EFI services will not be available.
[    0.193564] smp: Bringing up secondary CPUs ...
[    0.194691] smp: Brought up 1 node, 1 CPU
[    0.194746] SMP: Total of 1 processors activated.
[    0.194788] CPU: All CPU(s) started at EL1
[    0.195493] CPU features: detected: 32-bit EL0 Support
[    0.195548] CPU features: detected: 32-bit EL1 Support
[    0.195694] CPU features: detected: CRC32 instructions
[    0.226343] alternatives: applying system-wide alternatives
[    0.243399] CPU features: emulated: Privileged Access Never (PAN) using TTBR0_EL1 switching
[    0.357798] devtmpfs: initialized
[    0.402723] clocksource: jiffies: mask: 0xffffffff max_cycles: 0xffffffff, max_idle_ns: 1911260446275000 ns
[    0.404195] futex hash table entries: 256 (order: 2, 16384 bytes, linear)
[    0.432284] pinctrl core: initialized pinctrl subsystem
[    0.450661] DMI not present or invalid.
[    0.468906] NET: Registered PF_NETLINK/PF_ROUTE protocol family
[    0.515450] DMA: preallocated 256 KiB GFP_KERNEL pool for atomic allocations
[    0.517010] DMA: preallocated 256 KiB GFP_KERNEL|GFP_DMA pool for atomic allocations
[    0.518312] DMA: preallocated 256 KiB GFP_KERNEL|GFP_DMA32 pool for atomic allocations
[    0.518795] audit: initializing netlink subsys (disabled)
[    0.535482] audit: type=2000 audit(0.314:1): state=initialized audit_enabled=0 res=1
[    0.550659] thermal_sys: Registered thermal governor 'fair_share'
[    0.550778] thermal_sys: Registered thermal governor 'bang_bang'
[    0.550821] thermal_sys: Registered thermal governor 'step_wise'
[    0.550832] thermal_sys: Registered thermal governor 'user_space'
[    0.550844] thermal_sys: Registered thermal governor 'power_allocator'
[    0.551726] cpuidle: using governor ladder
[    0.551975] cpuidle: using governor menu
[    0.554120] hw-breakpoint: found 6 breakpoint and 4 watchpoint registers.
[    0.554830] ASID allocator initialised with 65536 entries
[    0.563431] Serial: AMBA PL011 UART driver
[    0.648479] 9000000.pl011: ttyAMA0 at MMIO 0x9000000 (irq = 13, base_baud = 0) is a PL011 rev1
[    0.650973] printk: legacy console [ttyAMA0] enabled
[    0.710738] Modules: 18016 pages in range for non-PLT usage
[    0.710811] Modules: 509536 pages in range for PLT usage
[    0.726575] HugeTLB: registered 1.00 GiB page size, pre-allocated 0 pages
[    0.726960] HugeTLB: 0 KiB vmemmap can be freed for a 1.00 GiB page
[    0.727272] HugeTLB: registered 32.0 MiB page size, pre-allocated 0 pages
[    0.727471] HugeTLB: 0 KiB vmemmap can be freed for a 32.0 MiB page
[    0.727638] HugeTLB: registered 2.00 MiB page size, pre-allocated 0 pages
[    0.727815] HugeTLB: 0 KiB vmemmap can be freed for a 2.00 MiB page
[    0.727983] HugeTLB: registered 64.0 KiB page size, pre-allocated 0 pages
[    0.728240] HugeTLB: 0 KiB vmemmap can be freed for a 64.0 KiB page
[    0.820992] ACPI: Interpreter disabled.
[    0.846588] iommu: Default domain type: Translated
[    0.847058] iommu: DMA domain TLB invalidation policy: strict mode
[    0.863809] SCSI subsystem initialized
[    0.872530] usbcore: registered new interface driver usbfs
[    0.873901] usbcore: registered new interface driver hub
[    0.874992] usbcore: registered new device driver usb
[    0.878107] pps_core: LinuxPPS API ver. 1 registered
[    0.878669] pps_core: Software ver. 5.3.6 - Copyright 2005-2007 Rodolfo Giometti <giometti@linux.it>
[    0.879593] PTP clock support registered
[    0.883983] EDAC MC: Ver: 3.0.0
[    0.891475] scmi_core: SCMI protocol bus registered
[    0.916341] NetLabel: Initializing
[    0.917209] NetLabel:  domain hash size = 128
[    0.917853] NetLabel:  protocols = UNLABELED CIPSOv4 CALIPSO
[    0.922164] NetLabel:  unlabeled traffic allowed by default
[    0.924961] mctp: management component transport protocol core
[    0.925223] NET: Registered PF_MCTP protocol family
[    0.927771] vgaarb: loaded
[    0.934287] clocksource: Switched to clocksource arch_sys_counter
[    0.965812] VFS: Disk quotas dquot_6.6.0
[    0.966976] VFS: Dquot-cache hash table entries: 512 (order 0, 4096 bytes)
[    0.989013] AppArmor: AppArmor Filesystem Enabled
[    0.991069] pnp: PnP ACPI: disabled
[    1.053264] NET: Registered PF_INET protocol family
[    1.056969] IP idents hash table entries: 32768 (order: 6, 262144 bytes, linear)
[    1.263799] tcp_listen_portaddr_hash hash table entries: 1024 (order: 2, 16384 bytes, linear)
[    1.264568] Table-perturb hash table entries: 65536 (order: 6, 262144 bytes, linear)
[    1.265240] TCP established hash table entries: 16384 (order: 5, 131072 bytes, linear)
[    1.266392] TCP bind hash table entries: 16384 (order: 7, 524288 bytes, linear)
[    1.267457] TCP: Hash tables configured (established 16384 bind 16384)
[    1.285215] MPTCP token hash table entries: 2048 (order: 4, 49152 bytes, linear)
[    1.286318] UDP hash table entries: 1024 (order: 3, 32768 bytes, linear)
[    1.287301] UDP-Lite hash table entries: 1024 (order: 3, 32768 bytes, linear)
[    1.290972] NET: Registered PF_UNIX/PF_LOCAL protocol family
[    1.292209] NET: Registered PF_XDP protocol family
[    1.292924] PCI: CLS 0 bytes, default 64
[    1.296427] kvm [1]: HYP mode not available
[    1.308577] Trying to unpack rootfs image as initramfs...
[    1.318459] Initialise system trusted keyrings
[    1.325242] Key type blacklist registered
[    1.330537] workingset: timestamp_bits=40 max_order=19 bucket_order=0
[    1.333000] zbud: loaded
[    1.367038] squashfs: version 4.0 (2009/01/31) Phillip Lougher
[    1.382837] fuse: init (API version 7.39)
[    1.427422] integrity: Platform Keyring initialized
[    1.430821] integrity: Machine keyring initialized
[    1.539789] Freeing initrd memory: 980K
[    1.541392] Key type asymmetric registered
[    1.542203] Asymmetric key parser 'x509' registered
[    1.543328] Block layer SCSI generic (bsg) driver version 0.4 loaded (major 242)
[    1.546424] io scheduler mq-deadline registered
[    1.577321] shpchp: Standard Hot Plug PCI Controller Driver version: 0.4
[    1.584557] pci-host-generic 4010000000.pcie: host bridge /pcie@10000000 ranges:
[    1.586594] pci-host-generic 4010000000.pcie:       IO 0x003eff0000..0x003effffff -> 0x0000000000
[    1.588477] pci-host-generic 4010000000.pcie:      MEM 0x0010000000..0x003efeffff -> 0x0010000000
[    1.589294] pci-host-generic 4010000000.pcie:      MEM 0x8000000000..0xffffffffff -> 0x8000000000
[    1.590763] pci-host-generic 4010000000.pcie: Memory resource size exceeds max for 32 bits
[    1.592331] pci-host-generic 4010000000.pcie: ECAM at [mem 0x4010000000-0x401fffffff] for [bus 00-ff]
[    1.595989] pci-host-generic 4010000000.pcie: PCI host bridge to bus 0000:00
[    1.596987] pci_bus 0000:00: root bus resource [bus 00-ff]
[    1.597460] pci_bus 0000:00: root bus resource [io  0x0000-0xffff]
[    1.598051] pci_bus 0000:00: root bus resource [mem 0x10000000-0x3efeffff]
[    1.598463] pci_bus 0000:00: root bus resource [mem 0x8000000000-0xffffffffff]
[    1.601804] pci 0000:00:00.0: [1b36:0008] type 00 class 0x060000 conventional PCI endpoint
[    1.717770] Serial: 8250/16550 driver, 32 ports, IRQ sharing enabled
[    1.794065] msm_serial: driver initialized
[    1.795005] SuperH (H)SCI(F) driver initialized
[    1.806193] tpm_tis c000000.tpm_tis: 2.0 TPM (device-id 0x1, rev-id 1)
[    1.834069] random: crng init done
[    1.903391] loop: module loaded
[    1.905428] virtio_blk virtio0: 1/0/0 default/read/poll queues
[    1.914430] virtio_blk virtio0: [vda] 131072 512-byte logical blocks (67.1 MB/64.0 MiB)
[    1.985399] tun: Universal TUN/TAP device driver, 1.6
[    1.990257] PPP generic driver version 2.4.2
[    1.997225] mousedev: PS/2 mouse device common for all mice
[    2.001205] i2c_dev: i2c /dev entries driver
[    2.006766] device-mapper: core: CONFIG_IMA_DISABLE_HTABLE is disabled. Duplicate IMA measurements will not be recorded in the IMA log.
[    2.007355] device-mapper: uevent: version 1.0.3
[    2.009064] device-mapper: ioctl: 4.48.0-ioctl (2023-03-01) initialised: dm-devel@redhat.com
[    2.015328] ledtrig-cpu: registered to indicate activity on CPUs
[    2.029904] hw perfevents: enabled with armv8_pmuv3 PMU driver, 7 counters available
[    2.031903] watchdog: Delayed init of the lockup detector failed: -19
[    2.032238] watchdog: Hard watchdog permanently disabled
[    2.035156] drop_monitor: Initializing network drop monitor service
[    2.037448] NET: Registered PF_INET6 protocol family
[    2.067432] Segment Routing with IPv6
[    2.068407] In-situ OAM (IOAM) with IPv6
[    2.070387] NET: Registered PF_PACKET protocol family
[    2.071525] Key type dns_resolver registered
[    2.133068] registered taskstats version 1
[    2.138836] Loading compiled-in X.509 certificates
[    2.172547] Loaded X.509 cert 'Build time autogenerated kernel key: f077b620820550864c99dea090c9f187de8a452a'
[    2.176488] Loaded X.509 cert 'Canonical Ltd. Live Patch Signing 2025 Kmod: d541cef61dc7e793b7eb7e899970a2eef0b5dc8c'
[    2.179895] Loaded X.509 cert 'Canonical Ltd. Live Patch Signing: 14df34d1a87cf37625abec039ef2bf521249b969'
[    2.183527] Loaded X.509 cert 'Canonical Ltd. Kernel Module Signing 2025 Kmod: 4627603d2357a2a3f81006370894c221175893e9'
[    2.187084] Loaded X.509 cert 'Canonical Ltd. Kernel Module Signing: 88f752e560a1e0737e31163a466ad7b70a850c19'
[    2.187549] blacklist: Loading compiled-in revocation X.509 certificates
[    2.189848] Loaded X.509 cert 'Canonical Ltd. Secure Boot Signing: 61482aa2830d0ab2ad5af10b7250da9033ddcef0'
[    2.190478] Loaded X.509 cert 'Canonical Ltd. Secure Boot Signing (2017): 242ade75ac4a15e50d50c84b0d45ff3eae707a03'
[    2.191169] Loaded X.509 cert 'Canonical Ltd. Secure Boot Signing (ESM 2018): 365188c1d374d6b07c3c8f240f8ef722433d6a8b'
[    2.191837] Loaded X.509 cert 'Canonical Ltd. Secure Boot Signing (2019): c0746fd6c5da3ae827864651ad66ae47fe24b3e8'
[    2.192340] Loaded X.509 cert 'Canonical Ltd. Secure Boot Signing (2021 v1): a8d54bbb3825cfb94fa13c9f8a594a195c107b8d'
[    2.193032] Loaded X.509 cert 'Canonical Ltd. Secure Boot Signing (2021 v2): 4cf046892d6fd3c9a5b03f98d845f90851dc6a8c'
[    2.193535] Loaded X.509 cert 'Canonical Ltd. Secure Boot Signing (2021 v3): 100437bb6de6e469b581e61cd66bce3ef4ed53af'
[    2.194272] Loaded X.509 cert 'Canonical Ltd. Secure Boot Signing (Ubuntu Core 2019): c1d57b8f6b743f23ee41f4f7ee292f06eecadfb9'
[    2.259155] Key type .fscrypt registered
[    2.259393] Key type fscrypt-provisioning registered
[    2.262236] Key type trusted registered
[    2.288808] Key type encrypted registered
[    2.289174] AppArmor: AppArmor sha256 policy hashing enabled
[    2.291287] Loading compiled-in module X.509 certificates
[    2.294768] Loaded X.509 cert 'Build time autogenerated kernel key: f077b620820550864c99dea090c9f187de8a452a'
[    2.295261] ima: Allocated hash algorithm: sha256
[    2.316118] ima: No architecture policies found
[    2.317338] evm: Initialising EVM extended attributes:
[    2.317570] evm: security.selinux
[    2.317835] evm: security.SMACK64
[    2.317962] evm: security.SMACK64EXEC
[    2.318076] evm: security.SMACK64TRANSMUTE
[    2.318241] evm: security.SMACK64MMAP
[    2.318357] evm: security.apparmor
[    2.318462] evm: security.ima
[    2.318558] evm: security.capability
[    2.318781] evm: HMAC attrs: 0x1
[    2.467189] clk: Disabling unused clocks
[    2.558463] Freeing unused kernel memory: 12288K
[    2.629767] Checked W+X mappings: passed, no W+X pages found
[    2.630858] Run /init as init process
P2-INITRAMFS-OK kernel=6.8.0-146-generic
[    2.963324] reboot: Power down
