Bloblist at 0 not found (err=-2)
alloc space exhausted ptr 400 limit 0
Bloblist at 0 not found (err=-2)


U-Boot 2026.07 (Jul 06 2026 - 23:50:43 +0000)

DRAM:  2 GiB
using memory 0xbe64f000-0xbf68f000 for malloc()
Core:  52 devices, 15 uclasses, devicetree: board
Flash: 64 MiB
Loading Environment from Flash... OK
In:    serial
Out:   serial
Err:   serial
No USB controllers found
Net:   No ethernet found.
[?25h
[2KHit any key to stop autoboot: 1[2KHit any key to stop autoboot: 0
P2-ENV-INJECTED

virtio read: device 0 block # 0, count 131072 ... 131072 blocks read: OK
## Booting kernel from Legacy Image at 50000000 ...
   Image Name:   p2-legacy
   Created:      2026-07-06  23:50:43 UTC
   Image Type:   AArch64 Linux Kernel Image (gzip compressed)
   Data Size:    18589606 Bytes = 17.7 MiB
   Load Address: 40400000
   Entry Point:  40400000
   Verifying Checksum ... OK
## Flattened Device Tree blob at be645ac0
   Booting using the fdt blob at 0xbe645ac0
Working FDT set to be645ac0
   Uncompressing Kernel Image to 40400000
   Loading Device Tree to 00000000bd612000, end 00000000bd61e2bd ... OK
Working FDT set to bd612000
No RNG device

Starting kernel ...

[    0.000000] Booting Linux on physical CPU 0x0000000000 [0x411fd070]
[    0.000000] Linux version 6.8.0-146-generic (buildd@bos03-arm64-107) (aarch64-linux-gnu-gcc-13 (Ubuntu 13.3.0-6ubuntu2~24.04.1) 13.3.0, GNU ld (GNU Binutils for Ubuntu) 2.42) #146-Ubuntu SMP PREEMPT_DYNAMIC Thu Sep  3 16:20:48 UTC 2026 (Ubuntu 6.8.0-146.146-generic 6.8.12)
[    0.000000] KASLR disabled due to lack of seed
[    0.000000] Machine model: linux,dummy-virt
[    0.000000] efi: UEFI not found.
[    0.000000] OF: reserved mem: 0x0000000060000000..0x000000006000ffff (64 KiB) map non-reusable tpm-event-log@60000000
[    0.000000] NUMA: No NUMA configuration found
[    0.000000] NUMA: Faking a node at [mem 0x0000000040000000-0x00000000bfffffff]
[    0.000000] NUMA: NODE_DATA [mem 0xbfbf05c0-0xbfbf5fff]
[    0.000000] Zone ranges:
[    0.000000]   DMA      [mem 0x0000000040000000-0x00000000bfffffff]
[    0.000000]   DMA32    empty
[    0.000000]   Normal   empty
[    0.000000]   Device   empty
[    0.000000] Movable zone start for each node
[    0.000000] Early memory node ranges
[    0.000000]   node   0: [mem 0x0000000040000000-0x00000000bfffffff]
[    0.000000] Initmem setup node 0 [mem 0x0000000040000000-0x00000000bfffffff]
[    0.000000] cma: Reserved 32 MiB at 0x00000000bb600000 on node -1
[    0.000000] psci: probing for conduit method from DT.
[    0.000000] psci: PSCIv1.1 detected in firmware.
[    0.000000] psci: Using standard PSCI v0.2 function IDs
[    0.000000] psci: Trusted OS migration not required
[    0.000000] psci: SMC Calling Convention v1.0
[    0.000000] percpu: Embedded 54 pages/cpu s95528 r8192 d117464 u221184
[    0.000000] Detected PIPT I-cache on CPU0
[    0.000000] CPU features: detected: GIC system register CPU interface
[    0.000000] CPU features: detected: Spectre-v2
[    0.000000] CPU features: detected: Spectre-v3a
[    0.000000] CPU features: detected: Spectre-v4
[    0.000000] CPU features: detected: Spectre-BHB
[    0.000000] CPU features: detected: ARM erratum 834220
[    0.000000] CPU features: detected: ARM erratum 1742098
[    0.000000] CPU features: detected: ARM erratum 832075
[    0.000000] CPU features: detected: ARM errata 1165522, 1319367, or 1530923
[    0.000000] alternatives: applying boot alternatives
[    0.000000] Kernel command line: console=ttyAMA0 rdinit=/init panic=-1
[    0.000000] Dentry cache hash table entries: 262144 (order: 9, 2097152 bytes, linear)
[    0.000000] Inode-cache hash table entries: 131072 (order: 8, 1048576 bytes, linear)
[    0.000000] Fallback order for Node 0: 0 
[    0.000000] Built 1 zonelists, mobility grouping on.  Total pages: 516096
[    0.000000] Policy zone: DMA
[    0.000000] mem auto-init: stack:all(zero), heap alloc:on, heap free:off
[    0.000000] software IO TLB: SWIOTLB bounce buffer size adjusted to 2MB
[    0.000000] software IO TLB: area num 1.
[    0.000000] software IO TLB: mapped [mem 0x00000000bb400000-0x00000000bb600000] (2MB)
[    0.000000] Memory: 1963012K/2097152K available (23552K kernel code, 5212K rwdata, 16460K rodata, 12288K init, 1234K bss, 101372K reserved, 32768K cma-reserved)
[    0.000000] SLUB: HWalign=64, Order=0-3, MinObjects=0, CPUs=1, Nodes=1
[    0.000000] ftrace: allocating 63089 entries in 247 pages
[    0.000000] ftrace: allocated 247 pages with 7 groups
[    0.000000] Dynamic Preempt: voluntary
[    0.000000] rcu: Preemptible hierarchical RCU implementation.
[    0.000000] rcu: 	RCU restricting CPUs from NR_CPUS=512 to nr_cpu_ids=1.
[    0.000000] 	Trampoline variant of Tasks RCU enabled.
[    0.000000] 	Rude variant of Tasks RCU enabled.
[    0.000000] 	Tracing variant of Tasks RCU enabled.
[    0.000000] rcu: RCU calculated value of scheduler-enlistment delay is 100 jiffies.
[    0.000000] rcu: Adjusting geometry for rcu_fanout_leaf=16, nr_cpu_ids=1
[    0.000000] RCU Tasks: Setting shift to 0 and lim to 1 rcu_task_cb_adjust=1 rcu_task_cpu_ids=1.
[    0.000000] RCU Tasks Rude: Setting shift to 0 and lim to 1 rcu_task_cb_adjust=1 rcu_task_cpu_ids=1.
[    0.000000] RCU Tasks Trace: Setting shift to 0 and lim to 1 rcu_task_cb_adjust=1 rcu_task_cpu_ids=1.
[    0.000000] NR_IRQS: 64, nr_irqs: 64, preallocated irqs: 0
[    0.000000] GICv3: 256 SPIs implemented
[    0.000000] GICv3: 0 Extended SPIs implemented
[    0.000000] Root IRQ handler: gic_handle_irq
[    0.000000] GICv3: GICv3 features: 16 PPIs
[    0.000000] GICv3: CPU0: found redistributor 0 region 0:0x00000000080a0000
[    0.000000] ITS [mem 0x08080000-0x0809ffff]
[    0.000000] ITS@0x0000000008080000: allocated 8192 Devices @44240000 (indirect, esz 8, psz 64K, shr 1)
[    0.000000] ITS@0x0000000008080000: allocated 8192 Interrupt Collections @44250000 (flat, esz 8, psz 64K, shr 1)
[    0.000000] GICv3: using LPI property table @0x0000000044260000
[    0.000000] GICv3: CPU0: using allocated LPI pending table @0x0000000044270000
[    0.000000] rcu: srcu_init: Setting srcu_struct sizes based on contention.
[    0.000000] arch_timer: cp15 timer(s) running at 62.50MHz (virt).
[    0.000000] clocksource: arch_sys_counter: mask: 0x1ffffffffffffff max_cycles: 0x1cd42e208c, max_idle_ns: 881590405314 ns
[    0.000126] sched_clock: 57 bits at 63MHz, resolution 16ns, wraps every 4398046511096ns
[    0.013889] Console: colour dummy device 80x25
[    0.022314] Calibrating delay loop (skipped), value calculated using timer frequency.. 125.00 BogoMIPS (lpj=62500)
[    0.022682] pid_max: default: 32768 minimum: 301
[    0.032092] LSM: initializing lsm=lockdown,capability,landlock,yama,apparmor,integrity
[    0.033351] landlock: Up and running.
[    0.033444] Yama: becoming mindful.
[    0.038165] AppArmor: AppArmor initialized
[    0.044870] Mount-cache hash table entries: 4096 (order: 3, 32768 bytes, linear)
[    0.045002] Mountpoint-cache hash table entries: 4096 (order: 3, 32768 bytes, linear)
[    0.140234] cacheinfo: Unable to detect cache hierarchy for CPU 0
[    0.218558] rcu: Hierarchical SRCU implementation.
[    0.218923] rcu: 	Max phase no-delay instances is 400.
[    0.244193] Platform MSI: its@8080000 domain created
[    0.245429] PCI/MSI: /intc@8000000/its@8080000 domain created
[    0.246530] fsl-mc MSI: its@8080000 domain created
[    0.250609] EFI services will not be available.
[    0.259802] smp: Bringing up secondary CPUs ...
[    0.261239] smp: Brought up 1 node, 1 CPU
[    0.261362] SMP: Total of 1 processors activated.
[    0.261408] CPU: All CPU(s) started at EL1
[    0.262119] CPU features: detected: 32-bit EL0 Support
[    0.262174] CPU features: detected: 32-bit EL1 Support
[    0.262368] CPU features: detected: CRC32 instructions
[    0.277839] alternatives: applying system-wide alternatives
[    0.307527] CPU features: emulated: Privileged Access Never (PAN) using TTBR0_EL1 switching
[    0.401509] devtmpfs: initialized
[    0.460528] clocksource: jiffies: mask: 0xffffffff max_cycles: 0xffffffff, max_idle_ns: 1911260446275000 ns
[    0.461873] futex hash table entries: 256 (order: 2, 16384 bytes, linear)
[    0.475473] pinctrl core: initialized pinctrl subsystem
[    0.508507] DMI not present or invalid.
[    0.526942] NET: Registered PF_NETLINK/PF_ROUTE protocol family
[    0.561810] DMA: preallocated 256 KiB GFP_KERNEL pool for atomic allocations
[    0.563190] DMA: preallocated 256 KiB GFP_KERNEL|GFP_DMA pool for atomic allocations
[    0.564744] DMA: preallocated 256 KiB GFP_KERNEL|GFP_DMA32 pool for atomic allocations
[    0.565220] audit: initializing netlink subsys (disabled)
[    0.569708] audit: type=2000 audit(0.337:1): state=initialized audit_enabled=0 res=1
[    0.597776] thermal_sys: Registered thermal governor 'fair_share'
[    0.597924] thermal_sys: Registered thermal governor 'bang_bang'
[    0.597970] thermal_sys: Registered thermal governor 'step_wise'
[    0.597982] thermal_sys: Registered thermal governor 'user_space'
[    0.597992] thermal_sys: Registered thermal governor 'power_allocator'
[    0.599114] cpuidle: using governor ladder
[    0.599416] cpuidle: using governor menu
[    0.601825] hw-breakpoint: found 6 breakpoint and 4 watchpoint registers.
[    0.602731] ASID allocator initialised with 65536 entries
[    0.611355] Serial: AMBA PL011 UART driver
[    0.681283] 9000000.pl011: ttyAMA0 at MMIO 0x9000000 (irq = 13, base_baud = 0) is a PL011 rev1
[    0.696905] printk: legacy console [ttyAMA0] enabled
[    0.769341] Modules: 18016 pages in range for non-PLT usage
[    0.769412] Modules: 509536 pages in range for PLT usage
[    0.788418] HugeTLB: registered 1.00 GiB page size, pre-allocated 0 pages
[    0.788867] HugeTLB: 0 KiB vmemmap can be freed for a 1.00 GiB page
[    0.789118] HugeTLB: registered 32.0 MiB page size, pre-allocated 0 pages
[    0.789492] HugeTLB: 0 KiB vmemmap can be freed for a 32.0 MiB page
[    0.789698] HugeTLB: registered 2.00 MiB page size, pre-allocated 0 pages
[    0.790002] HugeTLB: 0 KiB vmemmap can be freed for a 2.00 MiB page
[    0.790211] HugeTLB: registered 64.0 KiB page size, pre-allocated 0 pages
[    0.790457] HugeTLB: 0 KiB vmemmap can be freed for a 64.0 KiB page
[    0.876495] ACPI: Interpreter disabled.
[    0.884550] iommu: Default domain type: Translated
[    0.884811] iommu: DMA domain TLB invalidation policy: strict mode
[    0.893866] SCSI subsystem initialized
[    0.898617] usbcore: registered new interface driver usbfs
[    0.899316] usbcore: registered new interface driver hub
[    0.899984] usbcore: registered new device driver usb
[    0.901473] pps_core: LinuxPPS API ver. 1 registered
[    0.901663] pps_core: Software ver. 5.3.6 - Copyright 2005-2007 Rodolfo Giometti <giometti@linux.it>
[    0.901989] PTP clock support registered
[    0.904939] EDAC MC: Ver: 3.0.0
[    0.930877] scmi_core: SCMI protocol bus registered
[    0.967187] NetLabel: Initializing
[    0.967545] NetLabel:  domain hash size = 128
[    0.968302] NetLabel:  protocols = UNLABELED CIPSOv4 CALIPSO
[    0.971535] NetLabel:  unlabeled traffic allowed by default
[    0.977449] mctp: management component transport protocol core
[    0.977705] NET: Registered PF_MCTP protocol family
[    0.981331] vgaarb: loaded
[    0.991018] clocksource: Switched to clocksource arch_sys_counter
[    1.046285] VFS: Disk quotas dquot_6.6.0
[    1.047191] VFS: Dquot-cache hash table entries: 512 (order 0, 4096 bytes)
[    1.057323] AppArmor: AppArmor Filesystem Enabled
[    1.058414] pnp: PnP ACPI: disabled
[    1.141714] NET: Registered PF_INET protocol family
[    1.145181] IP idents hash table entries: 32768 (order: 6, 262144 bytes, linear)
[    1.371663] tcp_listen_portaddr_hash hash table entries: 1024 (order: 2, 16384 bytes, linear)
[    1.372331] Table-perturb hash table entries: 65536 (order: 6, 262144 bytes, linear)
[    1.372938] TCP established hash table entries: 16384 (order: 5, 131072 bytes, linear)
[    1.374438] TCP bind hash table entries: 16384 (order: 7, 524288 bytes, linear)
[    1.375183] TCP: Hash tables configured (established 16384 bind 16384)
[    1.378904] MPTCP token hash table entries: 2048 (order: 4, 49152 bytes, linear)
[    1.380044] UDP hash table entries: 1024 (order: 3, 32768 bytes, linear)
[    1.380710] UDP-Lite hash table entries: 1024 (order: 3, 32768 bytes, linear)
[    1.384283] NET: Registered PF_UNIX/PF_LOCAL protocol family
[    1.385183] NET: Registered PF_XDP protocol family
[    1.385695] PCI: CLS 0 bytes, default 64
[    1.389331] kvm [1]: HYP mode not available
[    1.425672] Initialise system trusted keyrings
[    1.429390] Key type blacklist registered
[    1.431454] workingset: timestamp_bits=40 max_order=19 bucket_order=0
[    1.433626] zbud: loaded
[    1.452245] squashfs: version 4.0 (2009/01/31) Phillip Lougher
[    1.465025] fuse: init (API version 7.39)
[    1.472600] integrity: Platform Keyring initialized
[    1.473545] integrity: Machine keyring initialized
[    1.563270] Key type asymmetric registered
[    1.563693] Asymmetric key parser 'x509' registered
[    1.564736] Block layer SCSI generic (bsg) driver version 0.4 loaded (major 242)
[    1.567664] io scheduler mq-deadline registered
[    1.592674] shpchp: Standard Hot Plug PCI Controller Driver version: 0.4
[    1.599068] pci-host-generic 4010000000.pcie: host bridge /pcie@10000000 ranges:
[    1.600660] pci-host-generic 4010000000.pcie:       IO 0x003eff0000..0x003effffff -> 0x0000000000
[    1.601902] pci-host-generic 4010000000.pcie:      MEM 0x0010000000..0x003efeffff -> 0x0010000000
[    1.602444] pci-host-generic 4010000000.pcie:      MEM 0x8000000000..0xffffffffff -> 0x8000000000
[    1.603752] pci-host-generic 4010000000.pcie: Memory resource size exceeds max for 32 bits
[    1.605085] pci-host-generic 4010000000.pcie: ECAM at [mem 0x4010000000-0x401fffffff] for [bus 00-ff]
[    1.608488] pci-host-generic 4010000000.pcie: PCI host bridge to bus 0000:00
[    1.609088] pci_bus 0000:00: root bus resource [bus 00-ff]
[    1.609494] pci_bus 0000:00: root bus resource [io  0x0000-0xffff]
[    1.609808] pci_bus 0000:00: root bus resource [mem 0x10000000-0x3efeffff]
[    1.610242] pci_bus 0000:00: root bus resource [mem 0x8000000000-0xffffffffff]
[    1.613347] pci 0000:00:00.0: [1b36:0008] type 00 class 0x060000 conventional PCI endpoint
[    1.733321] Serial: 8250/16550 driver, 32 ports, IRQ sharing enabled
[    1.801671] msm_serial: driver initialized
[    1.802607] SuperH (H)SCI(F) driver initialized
[    1.816530] tpm_tis c000000.tpm_tis: 2.0 TPM (device-id 0x1, rev-id 1)
[    1.819061] tpm tpm0: A TPM error (256) occurred attempting the self test
[    1.819558] tpm tpm0: starting up the TPM manually
[    1.858298] random: crng init done
[    1.949723] loop: module loaded
[    1.951905] virtio_blk virtio0: 1/0/0 default/read/poll queues
[    1.962345] virtio_blk virtio0: [vda] 131072 512-byte logical blocks (67.1 MB/64.0 MiB)
[    2.038453] tun: Universal TUN/TAP device driver, 1.6
[    2.043598] PPP generic driver version 2.4.2
[    2.052822] mousedev: PS/2 mouse device common for all mice
[    2.057744] i2c_dev: i2c /dev entries driver
[    2.064833] device-mapper: core: CONFIG_IMA_DISABLE_HTABLE is disabled. Duplicate IMA measurements will not be recorded in the IMA log.
[    2.066127] device-mapper: uevent: version 1.0.3
[    2.068943] device-mapper: ioctl: 4.48.0-ioctl (2023-03-01) initialised: dm-devel@redhat.com
[    2.082475] ledtrig-cpu: registered to indicate activity on CPUs
[    2.101849] hw perfevents: enabled with armv8_pmuv3 PMU driver, 7 counters available
[    2.106679] watchdog: Delayed init of the lockup detector failed: -19
[    2.108407] watchdog: Hard watchdog permanently disabled
[    2.111870] drop_monitor: Initializing network drop monitor service
[    2.115553] NET: Registered PF_INET6 protocol family
[    2.217454] Segment Routing with IPv6
[    2.218477] In-situ OAM (IOAM) with IPv6
[    2.220308] NET: Registered PF_PACKET protocol family
[    2.221568] Key type dns_resolver registered
[    2.272706] registered taskstats version 1
[    2.279177] Loading compiled-in X.509 certificates
[    2.300656] Loaded X.509 cert 'Build time autogenerated kernel key: f077b620820550864c99dea090c9f187de8a452a'
[    2.305141] Loaded X.509 cert 'Canonical Ltd. Live Patch Signing 2025 Kmod: d541cef61dc7e793b7eb7e899970a2eef0b5dc8c'
[    2.308221] Loaded X.509 cert 'Canonical Ltd. Live Patch Signing: 14df34d1a87cf37625abec039ef2bf521249b969'
[    2.311175] Loaded X.509 cert 'Canonical Ltd. Kernel Module Signing 2025 Kmod: 4627603d2357a2a3f81006370894c221175893e9'
[    2.315219] Loaded X.509 cert 'Canonical Ltd. Kernel Module Signing: 88f752e560a1e0737e31163a466ad7b70a850c19'
[    2.315649] blacklist: Loading compiled-in revocation X.509 certificates
[    2.317955] Loaded X.509 cert 'Canonical Ltd. Secure Boot Signing: 61482aa2830d0ab2ad5af10b7250da9033ddcef0'
[    2.318923] Loaded X.509 cert 'Canonical Ltd. Secure Boot Signing (2017): 242ade75ac4a15e50d50c84b0d45ff3eae707a03'
[    2.319850] Loaded X.509 cert 'Canonical Ltd. Secure Boot Signing (ESM 2018): 365188c1d374d6b07c3c8f240f8ef722433d6a8b'
[    2.321683] Loaded X.509 cert 'Canonical Ltd. Secure Boot Signing (2019): c0746fd6c5da3ae827864651ad66ae47fe24b3e8'
[    2.322604] Loaded X.509 cert 'Canonical Ltd. Secure Boot Signing (2021 v1): a8d54bbb3825cfb94fa13c9f8a594a195c107b8d'
[    2.323655] Loaded X.509 cert 'Canonical Ltd. Secure Boot Signing (2021 v2): 4cf046892d6fd3c9a5b03f98d845f90851dc6a8c'
[    2.324383] Loaded X.509 cert 'Canonical Ltd. Secure Boot Signing (2021 v3): 100437bb6de6e469b581e61cd66bce3ef4ed53af'
[    2.324846] Loaded X.509 cert 'Canonical Ltd. Secure Boot Signing (Ubuntu Core 2019): c1d57b8f6b743f23ee41f4f7ee292f06eecadfb9'
[    2.406490] Key type .fscrypt registered
[    2.406742] Key type fscrypt-provisioning registered
[    2.411437] Key type trusted registered
[    2.428805] Key type encrypted registered
[    2.429752] AppArmor: AppArmor sha256 policy hashing enabled
[    2.432168] Loading compiled-in module X.509 certificates
[    2.435548] Loaded X.509 cert 'Build time autogenerated kernel key: f077b620820550864c99dea090c9f187de8a452a'
[    2.436944] ima: Allocated hash algorithm: sha256
[    2.461173] ima: No architecture policies found
[    2.462725] evm: Initialising EVM extended attributes:
[    2.463155] evm: security.selinux
[    2.463394] evm: security.SMACK64
[    2.463513] evm: security.SMACK64EXEC
[    2.463673] evm: security.SMACK64TRANSMUTE
[    2.464158] evm: security.SMACK64MMAP
[    2.464346] evm: security.apparmor
[    2.464463] evm: security.ima
[    2.464556] evm: security.capability
[    2.464687] evm: HMAC attrs: 0x1
[    2.627929] clk: Disabling unused clocks
[    2.638845] md: Waiting for all devices to be available before autodetect
[    2.639872] md: If you don't use raid, use raid=noautodetect
[    2.640489] md: Autodetecting RAID arrays.
[    2.640778] md: autorun ...
[    2.640949] md: ... autorun DONE.
[    2.646760] /dev/root: Can't open blockdev
[    2.648601] VFS: Cannot open root device "" or unknown-block(0,0): error -6
[    2.649127] Please append a correct "root=" boot option; here are the available partitions:
[    2.649785] fd00           65536 vda 
[    2.651148]  driver: virtio_blk
[    2.651773] List of all bdev filesystems:
[    2.652216]  ext3
[    2.652264]  ext2
[    2.652376]  ext4
[    2.652621]  squashfs
[    2.652750]  vfat
[    2.652913]  fuseblk
[    2.653269] 
[    2.653867] Kernel panic - not syncing: VFS: Unable to mount root fs on unknown-block(0,0)
[    2.654841] CPU: 0 PID: 1 Comm: swapper/0 Not tainted 6.8.0-146-generic #146-Ubuntu
[    2.655529] Hardware name: linux,dummy-virt (DT)
[    2.656231] Call trace:
[    2.656782]  dump_backtrace+0xa4/0x150
[    2.657642]  show_stack+0x24/0x50
[    2.657898]  dump_stack_lvl+0x38/0x138
[    2.658154]  dump_stack+0x1c/0x38
[    2.658398]  panic+0x3ac/0x448
[    2.658544]  mount_root_generic+0x1a4/0x388
[    2.658806]  mount_root+0xac/0x168
[    2.659015]  prepare_namespace+0x7c/0x338
[    2.659256]  kernel_init_freeable+0x23c/0x2b8
[    2.659459]  kernel_init+0x3c/0x250
[    2.659574]  ret_from_fork+0x10/0x20
[    2.660415] Kernel Offset: disabled
[    2.660570] CPU features: 0x0,88000202,3c020000,2100421b
[    2.661014] Memory Limit: none
